Archive member included because of file (symbol)

E:/Program Files/Rowley Associates Limited/CrossWorks for ARM 2.2/lib/libc_v7em_t_le_eabi.a(__vfprintf_int.o)
                              (__vfprintf_int)
E:/Program Files/Rowley Associates Limited/CrossWorks for ARM 2.2/lib/libc_v7em_t_le_eabi.a(__vfscanf_int.o)
                              (__vfscanf_int)
E:/Program Files/Rowley Associates Limited/CrossWorks for ARM 2.2/lib/libc_v7em_t_le_eabi.a(libc2.o)
                              E:/Program Files/Rowley Associates Limited/CrossWorks for ARM 2.2/lib/libc_v7em_t_le_eabi.a(__vfscanf_int.o) (__getc)
E:/Program Files/Rowley Associates Limited/CrossWorks for ARM 2.2/lib/libc_v7em_t_le_eabi.a(libc2_asm.o)
                              E:/Program Files/Rowley Associates Limited/CrossWorks for ARM 2.2/lib/libc_v7em_t_le_eabi.a(libc2.o) (memcpy)
E:/Program Files/Rowley Associates Limited/CrossWorks for ARM 2.2/lib/libc_v7em_t_le_eabi.a(libc_asm.o)
                              E:/Program Files/Rowley Associates Limited/CrossWorks for ARM 2.2/lib/libc_v7em_t_le_eabi.a(libc2.o) (__aeabi_uldivmod)
E:/Program Files/Rowley Associates Limited/CrossWorks for ARM 2.2/lib/libdebugio_v7em_t_le_eabi.a(libdebugio.o)
                              (__do_debug_operation_mempoll)
E:/Program Files/Rowley Associates Limited/CrossWorks for ARM 2.2/lib/libc_user_libc_v7em_t_le_eabi.a(user_libc.o)
                              E:/Program Files/Rowley Associates Limited/CrossWorks for ARM 2.2/lib/libc_v7em_t_le_eabi.a(libc2.o) (__errno)
E:/Program Files/Rowley Associates Limited/CrossWorks for ARM 2.2/lib/libm_v7em_t_le_eabi.a(libm_asm.o)
                              E:/Program Files/Rowley Associates Limited/CrossWorks for ARM 2.2/lib/libc_v7em_t_le_eabi.a(libc2.o) (__aeabi_i2f)

Discarded input sections

 .text          0x00000000        0x0 THUMB Debug/main.o
 .data          0x00000000        0x0 THUMB Debug/main.o
 .bss           0x00000000        0x0 THUMB Debug/main.o
 .text          0x00000000        0x0 THUMB Debug/system_stm32f4xx.o
 .data          0x00000000        0x0 THUMB Debug/system_stm32f4xx.o
 .bss           0x00000000        0x0 THUMB Debug/system_stm32f4xx.o
 .data.SystemCoreClock
                0x00000000        0x4 THUMB Debug/system_stm32f4xx.o
 .data.AHBPrescTable
                0x00000000       0x10 THUMB Debug/system_stm32f4xx.o
 .text.SystemCoreClockUpdate
                0x00000000      0x174 THUMB Debug/system_stm32f4xx.o
 .text          0x00000000        0x0 THUMB Debug/delay.o
 .data          0x00000000        0x0 THUMB Debug/delay.o
 .bss           0x00000000        0x0 THUMB Debug/delay.o
 .text          0x00000000        0x0 THUMB Debug/thumb_crt0.o
 .data          0x00000000        0x0 THUMB Debug/thumb_crt0.o
 .bss           0x00000000        0x0 THUMB Debug/thumb_crt0.o
 .stack         0x00000000        0x0 THUMB Debug/thumb_crt0.o
 .stack_process
                0x00000000        0x0 THUMB Debug/thumb_crt0.o
 .heap          0x00000000        0x0 THUMB Debug/thumb_crt0.o
 .text          0x00000000        0x0 THUMB Debug/STM32_Startup.o
 .data          0x00000000        0x0 THUMB Debug/STM32_Startup.o
 .bss           0x00000000        0x0 THUMB Debug/STM32_Startup.o
 .text          0x00000000        0x0 E:/Program Files/Rowley Associates Limited/CrossWorks for ARM 2.2/lib/libc_v7em_t_le_eabi.a(__vfprintf_int.o)
 .data          0x00000000        0x0 E:/Program Files/Rowley Associates Limited/CrossWorks for ARM 2.2/lib/libc_v7em_t_le_eabi.a(__vfprintf_int.o)
 .bss           0x00000000        0x0 E:/Program Files/Rowley Associates Limited/CrossWorks for ARM 2.2/lib/libc_v7em_t_le_eabi.a(__vfprintf_int.o)
 .text.libc     0x00000000        0x0 E:/Program Files/Rowley Associates Limited/CrossWorks for ARM 2.2/lib/libc_v7em_t_le_eabi.a(__vfprintf_int.o)
 .text          0x00000000        0x0 E:/Program Files/Rowley Associates Limited/CrossWorks for ARM 2.2/lib/libc_v7em_t_le_eabi.a(__vfscanf_int.o)
 .data          0x00000000        0x0 E:/Program Files/Rowley Associates Limited/CrossWorks for ARM 2.2/lib/libc_v7em_t_le_eabi.a(__vfscanf_int.o)
 .bss           0x00000000        0x0 E:/Program Files/Rowley Associates Limited/CrossWorks for ARM 2.2/lib/libc_v7em_t_le_eabi.a(__vfscanf_int.o)
 .text.libc     0x00000000        0x0 E:/Program Files/Rowley Associates Limited/CrossWorks for ARM 2.2/lib/libc_v7em_t_le_eabi.a(__vfscanf_int.o)
 .text          0x00000000        0x0 E:/Program Files/Rowley Associates Limited/CrossWorks for ARM 2.2/lib/libc_v7em_t_le_eabi.a(libc2.o)
 .data          0x00000000        0x0 E:/Program Files/Rowley Associates Limited/CrossWorks for ARM 2.2/lib/libc_v7em_t_le_eabi.a(libc2.o)
 .bss           0x00000000        0x0 E:/Program Files/Rowley Associates Limited/CrossWorks for ARM 2.2/lib/libc_v7em_t_le_eabi.a(libc2.o)
 .text.libc     0x00000000        0x0 E:/Program Files/Rowley Associates Limited/CrossWorks for ARM 2.2/lib/libc_v7em_t_le_eabi.a(libc2.o)
 .text.libc.twodigit
[...]
Memory Configuration

Name             Origin             Length             Attributes
UNPLACED_SECTIONS 0xffffffff         0x00000000         xw
FLASH            0x08000000         0x00100000         xr
DATA_SRAM        0x10000000         0x00010000         xw
RAM              0x20000000         0x00020000         xw
SRAM1            0x20000000         0x0001c000         xw
SRAM2            0x2001c000         0x00004000         xw
BKPSRAM          0x40024000         0x00001000         xw
PCCARD           0x90000000         0x00000000         xw
NAND2            0x80000000         0x00000000         xw
NAND1            0x70000000         0x00000000         xw
NOR_PSRAM4       0x6c000000         0x00000000         xw
NOR_PSRAM3       0x68000000         0x00000000         xw
NOR_PSRAM2       0x64000000         0x00000000         xw
NOR_PSRAM1       0x60000000         0x00000000         xw
CM3_System_Control_Space 0xe000e000         0x00001000         xw
*default*        0x00000000         0xffffffff

Linker script and memory map

                0x08001554                __do_debug_operation = __do_debug_operation_mempoll
                0x080008c8                __vfprintf = __vfprintf_int
                0x0800100c                __vfscanf = __vfscanf_int
                0x08000000                __FLASH_segment_start__ = 0x8000000
                0x08100000                __FLASH_segment_end__ = 0x8100000
                0x10000000                __DATA_SRAM_segment_start__ = 0x10000000
                0x10010000                __DATA_SRAM_segment_end__ = 0x10010000
                0x20000000                __RAM_segment_start__ = 0x20000000
                0x20020000                __RAM_segment_end__ = 0x20020000
                0x20000000                __SRAM1_segment_start__ = 0x20000000
                0x2001c000                __SRAM1_segment_end__ = 0x2001c000
                0x2001c000                __SRAM2_segment_start__ = 0x2001c000
                0x20020000                __SRAM2_segment_end__ = 0x20020000
                0x40024000                __BKPSRAM_segment_start__ = 0x40024000
                0x40025000                __BKPSRAM_segment_end__ = 0x40025000
                0x90000000                __PCCARD_segment_start__ = 0x90000000
                0x90000000                __PCCARD_segment_end__ = 0x90000000
                0x80000000                __NAND2_segment_start__ = 0x80000000
                0x80000000                __NAND2_segment_end__ = 0x80000000
                0x70000000                __NAND1_segment_start__ = 0x70000000
                0x70000000                __NAND1_segment_end__ = 0x70000000
                0x6c000000                __NOR_PSRAM4_segment_start__ = 0x6c000000
                0x6c000000                __NOR_PSRAM4_segment_end__ = 0x6c000000
                0x68000000                __NOR_PSRAM3_segment_start__ = 0x68000000
                0x68000000                __NOR_PSRAM3_segment_end__ = 0x68000000
                0x64000000                __NOR_PSRAM2_segment_start__ = 0x64000000
                0x64000000                __NOR_PSRAM2_segment_end__ = 0x64000000
                0x60000000                __NOR_PSRAM1_segment_start__ = 0x60000000
                0x60000000                __NOR_PSRAM1_segment_end__ = 0x60000000
                0xe000e000                __CM3_System_Control_Space_segment_start__ = 0xe000e000
                0xe000f000                __CM3_System_Control_Space_segment_end__ = 0xe000f000
                0x00000080                __STACKSIZE__ = 0x80
                0x00000000                __STACKSIZE_PROCESS__ = 0x0
                0x00000000                __STACKSIZE_IRQ__ = 0x0
                0x00000000                __STACKSIZE_FIQ__ = 0x0
                0x00000000                __STACKSIZE_SVC__ = 0x0
                0x00000000                __STACKSIZE_ABT__ = 0x0
                0x00000000                __STACKSIZE_UND__ = 0x0
                0x00000080                __HEAPSIZE__ = 0x80
                0x20000000                __vectors_ram_load_start__ = ALIGN (__RAM_segment_start__, 0x100)

.vectors_ram    0x20000000        0x0
                0x20000000                __vectors_ram_start__ = .
 *(.vectors_ram .vectors_ram.*)
                0x20000000                __vectors_ram_end__ = (__vectors_ram_start__ + SIZEOF (.vectors_ram))
                0x20000000                __vectors_ram_load_end__ = __vectors_ram_end__
                0x00000001                . = ASSERT (((__vectors_ram_end__ >= __RAM_segment_start__) && (__vectors_ram_end__ <= __RAM_segment_end__)), error: .vectors_ram is too large to fit in RAM memory segment)
                0x08000000                __vectors_load_start__ = ALIGN (__FLASH_segment_start__, 0x100)

.vectors        0x08000000      0x188
                0x08000000                __vectors_start__ = .
 *(.vectors .vectors.*)
 .vectors       0x08000000      0x188 THUMB Debug/STM32_Startup.o
                0x08000000                _vectors
                0x08000188                __vectors_end__ = (__vectors_start__ + SIZEOF (.vectors))
                0x08000188                __vectors_load_end__ = __vectors_end__
                0x00000001                . = ASSERT (((__vectors_end__ >= __FLASH_segment_start__) && (__vectors_end__ <= __FLASH_segment_end__)), error: .vectors is too large to fit in FLASH memory segment)
                0x08000188                __init_load_start__ = ALIGN (__vectors_end__, 0x4)

.init           0x08000188      0x208
                0x08000188                __init_start__ = .
 *(.init .init.*)
 .init          0x08000188      0x110 THUMB Debug/thumb_crt0.o
                0x08000188                _start
                0x0800020a                exit
                0x0800022e                __getchar
                0x0800022e                __putchar
 .init          0x08000298       0xf8 THUMB Debug/STM32_Startup.o
                0x08000298                reset_handler
                0x080002ce                NMI_Handler
                0x080002d0                HardFault_Handler
                0x080002d2                MemManage_Handler
                0x080002d4                BusFault_Handler
                0x080002d6                UsageFault_Handler
                0x080002d8                SVC_Handler
                0x080002da                DebugMon_Handler
                0x080002dc                PendSV_Handler
                0x080002e0                WWDG_IRQHandler
                0x080002e2                PVD_IRQHandler
                0x080002e4                TAMP_STAMP_IRQHandler
                0x080002e6                RTC_WKUP_IRQHandler
                0x080002e8                FLASH_IRQHandler
                0x080002ea                RCC_IRQHandler
                0x080002ec                EXTI0_IRQHandler
                0x080002ee                EXTI1_IRQHandler
                0x080002f0                EXTI2_IRQHandler
                0x080002f2                EXTI3_IRQHandler
                0x080002f4                EXTI4_IRQHandler
                0x080002f6                DMA1_Stream0_IRQHandler
                0x080002f8                DMA1_Stream1_IRQHandler
                0x080002fa                DMA1_Stream2_IRQHandler
                0x080002fc                DMA1_Stream3_IRQHandler
                0x080002fe                DMA1_Stream4_IRQHandler
                0x08000300                DMA1_Stream5_IRQHandler
                0x08000302                DMA1_Stream6_IRQHandler
                0x08000304                ADC_IRQHandler
                0x08000306                CAN1_TX_IRQHandler
                0x08000308                CAN1_RX0_IRQHandler
                0x0800030a                CAN1_RX1_IRQHandler
                0x0800030c                CAN1_SCE_IRQHandler
                0x0800030e                EXTI9_5_IRQHandler
                0x08000310                TIM1_BRK_TIM9_IRQHandler
                0x08000312                TIM1_UP_TIM10_IRQHandler
                0x08000314                TIM1_TRG_COM_TIM11_IRQHandler
                0x08000316                TIM1_CC_IRQHandler
                0x08000318                TIM2_IRQHandler
                0x0800031a                TIM3_IRQHandler
                0x0800031c                TIM4_IRQHandler
                0x0800031e                I2C1_EV_IRQHandler
                0x08000320                I2C1_ER_IRQHandler
                0x08000322                I2C2_EV_IRQHandler
                0x08000324                I2C2_ER_IRQHandler
                0x08000326                SPI1_IRQHandler
                0x08000328                SPI2_IRQHandler
                0x0800032a                USART1_IRQHandler
                0x0800032c                USART2_IRQHandler
                0x0800032e                USART3_IRQHandler
                0x08000330                EXTI15_10_IRQHandler
                0x08000332                RTC_Alarm_IRQHandler
                0x08000334                OTG_FS_WKUP_IRQHandler
                0x08000336                TIM8_BRK_TIM12_IRQHandler
                0x08000338                TIM8_UP_TIM13_IRQHandler
                0x0800033a                TIM8_TRG_COM_TIM14_IRQHandler
                0x0800033c                TIM8_CC_IRQHandler
                0x0800033e                DMA1_Stream7_IRQHandler
                0x08000340                FSMC_IRQHandler
                0x08000342                SDIO_IRQHandler
                0x08000344                TIM5_IRQHandler
                0x08000346                SPI3_IRQHandler
                0x08000348                UART4_IRQHandler
                0x0800034a                UART5_IRQHandler
                0x0800034c                TIM6_DAC_IRQHandler
                0x0800034e                TIM7_IRQHandler
                0x08000350                DMA2_Stream0_IRQHandler
                0x08000352                DMA2_Stream1_IRQHandler
                0x08000354                DMA2_Stream2_IRQHandler
                0x08000356                DMA2_Stream3_IRQHandler
                0x08000358                DMA2_Stream4_IRQHandler
                0x0800035a                ETH_IRQHandler
                0x0800035c                ETH_WKUP_IRQHandler
                0x0800035e                CAN2_TX_IRQHandler
                0x08000360                CAN2_RX0_IRQHandler
                0x08000362                CAN2_RX1_IRQHandler
                0x08000364                CAN2_SCE_IRQHandler
                0x08000366                OTG_FS_IRQHandler
                0x08000368                DMA2_Stream5_IRQHandler
                0x0800036a                DMA2_Stream6_IRQHandler
                0x0800036c                DMA2_Stream7_IRQHandler
                0x0800036e                USART6_IRQHandler
                0x08000370                I2C3_EV_IRQHandler
                0x08000372                I2C3_ER_IRQHandler
                0x08000374                OTG_HS_EP1_OUT_IRQHandler
                0x08000376                OTG_HS_EP1_IN_IRQHandler
                0x08000378                OTG_HS_WKUP_IRQHandler
                0x0800037a                OTG_HS_IRQHandler
                0x0800037c                DCMI_IRQHandler
                0x0800037e                CRYP_IRQHandler
                0x08000380                HASH_RNG_IRQHandler
                0x08000382                FPU_IRQHandler
                0x08000390                __init_end__ = (__init_start__ + SIZEOF (.init))
                0x08000390                __init_load_end__ = __init_end__
                0x00000001                . = ASSERT (((__init_end__ >= __FLASH_segment_start__) && (__init_end__ <= __FLASH_segment_end__)), error: .init is too large to fit in FLASH memory segment)
                0x08000390                __text_load_start__ = ALIGN (__init_end__, 0x4)

.text           0x08000390     0x1208
                0x08000390                __text_start__ = .
 *(.text .text.* .glue_7t .glue_7 .gnu.linkonce.t.* .gcc_except_table .ARM.extab* .gnu.linkonce.armextab.*)
 .glue_7        0x00000000        0x0 linker stubs
 .glue_7t       0x00000000        0x0 linker stubs
 .text.NVIC_SetPriority
                0x08000390       0x5c THUMB Debug/main.o
 .text.SysTick_Config
                0x080003ec       0x64 THUMB Debug/main.o
 .text.main     0x08000450       0x58 THUMB Debug/main.o
                0x08000450                main
 .text.LED_Config
                0x080004a8       0x78 THUMB Debug/main.o
                0x080004a8                LED_Config
 .text.Pin_State
                0x08000520       0x60 THUMB Debug/main.o
                0x08000520                Pin_State
 .text.SystemInit
                0x08000580       0x94 THUMB Debug/system_stm32f4xx.o
                0x08000580                SystemInit
 .text.SetSysClock
                0x08000614      0x188 THUMB Debug/system_stm32f4xx.o
 .text.NVIC_SetPriority
                0x0800079c       0x5c THUMB Debug/delay.o
 .text.SysTick_Config
                0x080007f8       0x64 THUMB Debug/delay.o
 .text.SysTick_Handler
                0x0800085c       0x24 THUMB Debug/delay.o
                0x0800085c                SysTick_Handler
 .text.Delay    0x08000880       0x48 THUMB Debug/delay.o
                0x08000880                Delay
 .text.libc.__vfprintf_int
                0x080008c8      0x5d4 E:/Program Files/Rowley Associates Limited/CrossWorks for ARM 2.2/lib/libc_v7em_t_le_eabi.a(__vfprintf_int.o)
                0x080008c8                __vfprintf_int
 .text.libc.__ungetc
                0x08000e9c       0x20 E:/Program Files/Rowley Associates Limited/CrossWorks for ARM 2.2/lib/libc_v7em_t_le_eabi.a(__vfscanf_int.o)
 .text.libc.rd_int
                0x08000ebc      0x150 E:/Program Files/Rowley Associates Limited/CrossWorks for ARM 2.2/lib/libc_v7em_t_le_eabi.a(__vfscanf_int.o)
 .text.libc.__vfscanf_int
                0x0800100c      0x3c8 E:/Program Files/Rowley Associates Limited/CrossWorks for ARM 2.2/lib/libc_v7em_t_le_eabi.a(__vfscanf_int.o)
                0x0800100c                __vfscanf_int
 .text.libc.__getc
                0x080013d4       0x24 E:/Program Files/Rowley Associates Limited/CrossWorks for ARM 2.2/lib/libc_v7em_t_le_eabi.a(libc2.o)
                0x080013d4                __getc
 .text.libc.__putc
                0x080013f8       0x38 E:/Program Files/Rowley Associates Limited/CrossWorks for ARM 2.2/lib/libc_v7em_t_le_eabi.a(libc2.o)
                0x080013f8                __putc
 .text.libc.__print_padding
                0x08001430       0x24 E:/Program Files/Rowley Associates Limited/CrossWorks for ARM 2.2/lib/libc_v7em_t_le_eabi.a(libc2.o)
                0x08001430                __print_padding
 .text.libc.__pre_padding
                0x08001454       0x1c E:/Program Files/Rowley Associates Limited/CrossWorks for ARM 2.2/lib/libc_v7em_t_le_eabi.a(libc2.o)
                0x08001454                __pre_padding
 .text.libc.isupper
                0x08001470       0x10 E:/Program Files/Rowley Associates Limited/CrossWorks for ARM 2.2/lib/libc_v7em_t_le_eabi.a(libc2.o)
                0x08001470                isupper
 .text.libc.islower
                0x08001480       0x10 E:/Program Files/Rowley Associates Limited/CrossWorks for ARM 2.2/lib/libc_v7em_t_le_eabi.a(libc2.o)
                0x08001480                islower
 .text.libc.isdigit
                0x08001490       0x10 E:/Program Files/Rowley Associates Limited/CrossWorks for ARM 2.2/lib/libc_v7em_t_le_eabi.a(libc2.o)
                0x08001490                isdigit
 .text.libc.__digit
                0x080014a0       0x3c E:/Program Files/Rowley Associates Limited/CrossWorks for ARM 2.2/lib/libc_v7em_t_le_eabi.a(libc2.o)
                0x080014a0                __digit
 .text.libc.isspace
                0x080014dc       0x18 E:/Program Files/Rowley Associates Limited/CrossWorks for ARM 2.2/lib/libc_v7em_t_le_eabi.a(libc2.o)
                0x080014dc                isspace
 .text.libc.strlen
                0x080014f4       0x60 E:/Program Files/Rowley Associates Limited/CrossWorks for ARM 2.2/lib/libc_v7em_t_le_eabi.a(libc2_asm.o)
                0x080014f4                strlen
 .text.libdebugio.__do_debug_operation_mempoll
                0x08001554       0x3c E:/Program Files/Rowley Associates Limited/CrossWorks for ARM 2.2/lib/libdebugio_v7em_t_le_eabi.a(libdebugio.o)
                0x08001554                __do_debug_operation_mempoll
 .text.libc.__debug_io_lock
                0x08001590        0x4 E:/Program Files/Rowley Associates Limited/CrossWorks for ARM 2.2/lib/libc_user_libc_v7em_t_le_eabi.a(user_libc.o)
                0x08001590                __debug_io_lock
 .text.libc.__debug_io_unlock
                0x08001594        0x4 E:/Program Files/Rowley Associates Limited/CrossWorks for ARM 2.2/lib/libc_user_libc_v7em_t_le_eabi.a(user_libc.o)
                0x08001594                __debug_io_unlock
                0x08001598                __text_end__ = (__text_start__ + SIZEOF (.text))
                0x08001598                __text_load_end__ = __text_end__

.vfp11_veneer   0x00000000        0x0
 .vfp11_veneer  0x00000000        0x0 linker stubs

.v4_bx          0x00000000        0x0
 .v4_bx         0x00000000        0x0 linker stubs
                0x00000001                . = ASSERT (((__text_end__ >= __FLASH_segment_start__) && (__text_end__ <= __FLASH_segment_end__)), error: .text is too large to fit in FLASH memory segment)
                0x08001598                __dtors_load_start__ = ALIGN (__text_end__, 0x4)

.dtors          0x08001598        0x0
                0x08001598                __dtors_start__ = .
 *(SORT(.dtors.*))
 *(.dtors)
 *(.fini_array .fini_array.*)
                0x08001598                __dtors_end__ = (__dtors_start__ + SIZEOF (.dtors))
                0x08001598                __dtors_load_end__ = __dtors_end__
                0x00000001                . = ASSERT (((__dtors_end__ >= __FLASH_segment_start__) && (__dtors_end__ <= __FLASH_segment_end__)), error: .dtors is too large to fit in FLASH memory segment)
                0x08001598                __ctors_load_start__ = ALIGN (__dtors_end__, 0x4)

.ctors          0x08001598        0x0
                0x08001598                __ctors_start__ = .
 *(SORT(.ctors.*))
 *(.ctors)
 *(.init_array .init_array.*)
                0x08001598                __ctors_end__ = (__ctors_start__ + SIZEOF (.ctors))
                0x08001598                __ctors_load_end__ = __ctors_end__
                0x00000001                . = ASSERT (((__ctors_end__ >= __FLASH_segment_start__) && (__ctors_end__ <= __FLASH_segment_end__)), error: .ctors is too large to fit in FLASH memory segment)
                0x08001598                __rodata_load_start__ = ALIGN (__ctors_end__, 0x4)

.rodata         0x08001598       0x20
                0x08001598                __rodata_start__ = .
 *(.rodata .rodata.* .gnu.linkonce.r.*)
 .rodata.libc.__hex_lc
                0x08001598       0x10 E:/Program Files/Rowley Associates Limited/CrossWorks for ARM 2.2/lib/libc_v7em_t_le_eabi.a(libc2.o)
                0x08001598                __hex_lc
 .rodata.libc.__hex_uc
                0x080015a8       0x10 E:/Program Files/Rowley Associates Limited/CrossWorks for ARM 2.2/lib/libc_v7em_t_le_eabi.a(libc2.o)
                0x080015a8                __hex_uc
                0x080015b8                __rodata_end__ = (__rodata_start__ + SIZEOF (.rodata))
                0x080015b8                __rodata_load_end__ = __rodata_end__
                0x00000001                . = ASSERT (((__rodata_end__ >= __FLASH_segment_start__) && (__rodata_end__ <= __FLASH_segment_end__)), error: .rodata is too large to fit in FLASH memory segment)
                0x080015b8                __ARM.exidx_load_start__ = ALIGN (__rodata_end__, 0x4)

.ARM.exidx      0x080015b8        0x0
                0x080015b8                __ARM.exidx_start__ = .
                0x080015b8                __exidx_start = __ARM.exidx_start__
 *(.ARM.exidx .ARM.exidx.*)
                0x080015b8                __ARM.exidx_end__ = (__ARM.exidx_start__ + SIZEOF (.ARM.exidx))
                0x080015b8                __exidx_end = __ARM.exidx_end__
                0x080015b8                __ARM.exidx_load_end__ = __ARM.exidx_end__
                0x00000001                . = ASSERT (((__ARM.exidx_end__ >= __FLASH_segment_start__) && (__ARM.exidx_end__ <= __FLASH_segment_end__)), error: .ARM.exidx is too large to fit in FLASH memory segment)
                0x080015b8                __fast_load_start__ = ALIGN (__ARM.exidx_end__, 0x4)

.fast           0x20000000        0x0 load address 0x080015b8
                0x20000000                __fast_start__ = .
 *(.fast .fast.*)
                0x20000000                __fast_end__ = (__fast_start__ + SIZEOF (.fast))
                0x080015b8                __fast_load_end__ = (__fast_load_start__ + SIZEOF (.fast))
                0x00000001                . = ASSERT (((__fast_load_end__ >= __FLASH_segment_start__) && (__fast_load_end__ <= __FLASH_segment_end__)), error: .fast is too large to fit in FLASH memory segment)

.fast_run       0x20000000        0x0
                0x20000000                __fast_run_start__ = .
                0x20000000                . = MAX ((__fast_run_start__ + SIZEOF (.fast)), .)
                0x20000000                __fast_run_end__ = (__fast_run_start__ + SIZEOF (.fast_run))
                0x20000000                __fast_run_load_end__ = __fast_run_end__
                0x00000001                . = ASSERT (((__fast_run_end__ >= __RAM_segment_start__) && (__fast_run_end__ <= __RAM_segment_end__)), error: .fast_run is too large to fit in RAM memory segment)
                0x080015b8                __data_load_start__ = ALIGN ((__fast_load_start__ + SIZEOF (.fast)), 0x4)

.data           0x20000000        0x0 load address 0x080015b8
                0x20000000                __data_start__ = .
 *(.data .data.* .gnu.linkonce.d.*)
                0x20000000                __data_end__ = (__data_start__ + SIZEOF (.data))
                0x080015b8                __data_load_end__ = (__data_load_start__ + SIZEOF (.data))
                0x00000001                . = ASSERT (((__data_load_end__ >= __FLASH_segment_start__) && (__data_load_end__ <= __FLASH_segment_end__)), error: .data is too large to fit in FLASH memory segment)

.data_run       0x20000000        0x0
                0x20000000                __data_run_start__ = .
                0x20000000                . = MAX ((__data_run_start__ + SIZEOF (.data)), .)
                0x20000000                __data_run_end__ = (__data_run_start__ + SIZEOF (.data_run))
                0x20000000                __data_run_load_end__ = __data_run_end__
                0x00000001                . = ASSERT (((__data_run_end__ >= __RAM_segment_start__) && (__data_run_end__ <= __RAM_segment_end__)), error: .data_run is too large to fit in RAM memory segment)
                0x20000000                __bss_load_start__ = ALIGN (__data_run_end__, 0x4)

.bss            0x20000000       0x10
                0x20000000                __bss_start__ = .
 *(.bss .bss.* .gnu.linkonce.b.*)
 .bss.myTicks   0x20000000        0x4 THUMB Debug/delay.o
                0x20000000                myTicks
 .bss.libc.__format_extender
                0x20000004        0x4 E:/Program Files/Rowley Associates Limited/CrossWorks for ARM 2.2/lib/libc_v7em_t_le_eabi.a(libc2.o)
                0x20000004                __format_extender
 .bss.libdebugio.dbgCommWord
                0x20000008        0x4 E:/Program Files/Rowley Associates Limited/CrossWorks for ARM 2.2/lib/libdebugio_v7em_t_le_eabi.a(libdebugio.o)
                0x20000008                dbgCommWord
 .bss.libdebugio.dbgCntrlWord_mempoll
                0x2000000c        0x4 E:/Program Files/Rowley Associates Limited/CrossWorks for ARM 2.2/lib/libdebugio_v7em_t_le_eabi.a(libdebugio.o)
                0x2000000c                dbgCntrlWord_mempoll
 *(COMMON)
                0x20000010                __bss_end__ = (__bss_start__ + SIZEOF (.bss))
                0x20000010                __bss_load_end__ = __bss_end__
                0x00000001                . = ASSERT (((__bss_end__ >= __RAM_segment_start__) && (__bss_end__ <= __RAM_segment_end__)), error: .bss is too large to fit in RAM memory segment)
                0x20000010                __non_init_load_start__ = ALIGN (__bss_end__, 0x4)

.non_init       0x20000010        0x0
                0x20000010                __non_init_start__ = .
 *(.non_init .non_init.*)
                0x20000010                __non_init_end__ = (__non_init_start__ + SIZEOF (.non_init))
                0x20000010                __non_init_load_end__ = __non_init_end__
                0x00000001                . = ASSERT (((__non_init_end__ >= __RAM_segment_start__) && (__non_init_end__ <= __RAM_segment_end__)), error: .non_init is too large to fit in RAM memory segment)
                0x20000010                __heap_load_start__ = ALIGN (__non_init_end__, 0x4)

.heap           0x20000010       0x80
                0x20000010                __heap_start__ = .
 *(.heap .heap.*)
                0x20000090                . = ALIGN (MAX ((__heap_start__ + __HEAPSIZE__), .), 0x4)
 *fill*         0x20000010       0x80 00
                0x20000090                __heap_end__ = (__heap_start__ + SIZEOF (.heap))
                0x20000090                __heap_load_end__ = __heap_end__
                0x00000001                . = ASSERT (((__heap_end__ >= __RAM_segment_start__) && (__heap_end__ <= __RAM_segment_end__)), error: .heap is too large to fit in RAM memory segment)
                0x20000090                __stack_load_start__ = ALIGN (__heap_end__, 0x4)

.stack          0x20000090       0x80
                0x20000090                __stack_start__ = .
 *(.stack .stack.*)
                0x20000110                . = ALIGN (MAX ((__stack_start__ + __STACKSIZE__), .), 0x4)
 *fill*         0x20000090       0x80 00
                0x20000110                __stack_end__ = (__stack_start__ + SIZEOF (.stack))
                0x20000110                __stack_load_end__ = __stack_end__
                0x00000001                . = ASSERT (((__stack_end__ >= __RAM_segment_start__) && (__stack_end__ <= __RAM_segment_end__)), error: .stack is too large to fit in RAM memory segment)
                0x20000110                __stack_process_load_start__ = ALIGN (__stack_end__, 0x4)

.stack_process  0x20000110        0x0
                0x20000110                __stack_process_start__ = .
 *(.stack_process .stack_process.*)
                0x20000110                . = ALIGN (MAX ((__stack_process_start__ + __STACKSIZE_PROCESS__), .), 0x4)
                0x20000110                __stack_process_end__ = (__stack_process_start__ + SIZEOF (.stack_process))
                0x20000110                __stack_process_load_end__ = __stack_process_end__
                0x00000001                . = ASSERT (((__stack_process_end__ >= __RAM_segment_start__) && (__stack_process_end__ <= __RAM_segment_end__)), error: .stack_process is too large to fit in RAM memory segment)
                0x20000110                __tbss_load_start__ = ALIGN (__stack_process_end__, 0x4)

.tbss           0x20000110        0x0
                0x20000110                __tbss_start__ = .
 *(.tbss .tbss.*)
                0x20000110                __tbss_end__ = (__tbss_start__ + SIZEOF (.tbss))
                0x20000110                __tbss_load_end__ = __tbss_end__
                0x00000001                . = ASSERT (((__tbss_end__ >= __RAM_segment_start__) && (__tbss_end__ <= __RAM_segment_end__)), error: .tbss is too large to fit in RAM memory segment)
                0x080015b8                __tdata_load_start__ = ALIGN ((__data_load_start__ + SIZEOF (.data)), 0x4)

.tdata          0x20000110        0x0 load address 0x080015b8
                0x20000110                __tdata_start__ = .
 *(.tdata .tdata.*)
                0x20000110                __tdata_end__ = (__tdata_start__ + SIZEOF (.tdata))
                0x080015b8                __tdata_load_end__ = (__tdata_load_start__ + SIZEOF (.tdata))
                0x080015b8                __FLASH_segment_used_end__ = (ALIGN ((__data_load_start__ + SIZEOF (.data)), 0x4) + SIZEOF (.tdata))
                0x00000001                . = ASSERT (((__tdata_load_end__ >= __FLASH_segment_start__) && (__tdata_load_end__ <= __FLASH_segment_end__)), error: .tdata is too large to fit in FLASH memory segment)

.tdata_run      0x20000110        0x0
                0x20000110                __tdata_run_start__ = .
                0x20000110                . = MAX ((__tdata_run_start__ + SIZEOF (.tdata)), .)
                0x20000110                __tdata_run_end__ = (__tdata_run_start__ + SIZEOF (.tdata_run))
                0x20000110                __tdata_run_load_end__ = __tdata_run_end__
                0x20000110                __RAM_segment_used_end__ = (ALIGN (__tbss_end__, 0x4) + SIZEOF (.tdata_run))
                0x00000001                . = ASSERT (((__tdata_run_end__ >= __RAM_segment_start__) && (__tdata_run_end__ <= __RAM_segment_end__)), error: .tdata_run is too large to fit in RAM memory segment)
START GROUP
LOAD THUMB Debug/main.o
LOAD THUMB Debug/system_stm32f4xx.o
LOAD THUMB Debug/delay.o
LOAD THUMB Debug/thumb_crt0.o
LOAD THUMB Debug/STM32_Startup.o
LOAD E:/Program Files/Rowley Associates Limited/CrossWorks for ARM 2.2/lib/libm_v7em_t_le_eabi.a
LOAD E:/Program Files/Rowley Associates Limited/CrossWorks for ARM 2.2/lib/libc_v7em_t_le_eabi.a
LOAD E:/Program Files/Rowley Associates Limited/CrossWorks for ARM 2.2/lib/libcpp_v7em_t_le_eabi.a
LOAD E:/Program Files/Rowley Associates Limited/CrossWorks for ARM 2.2/lib/libdebugio_v7em_t_le_eabi.a
LOAD E:/Program Files/Rowley Associates Limited/CrossWorks for ARM 2.2/lib/libc_targetio_impl_v7em_t_le_eabi.a
LOAD E:/Program Files/Rowley Associates Limited/CrossWorks for ARM 2.2/lib/libc_user_libc_v7em_t_le_eabi.a
END GROUP
OUTPUT(THUMB Debug/STM32F4_LIB.elf elf32-littlearm)

.debug_frame    0x00000000     0x26e4
 .debug_frame   0x00000000       0xd0 THUMB Debug/main.o
 .debug_frame   0x000000d0       0x84 THUMB Debug/system_stm32f4xx.o
 .debug_frame   0x00000154       0xb0 THUMB Debug/delay.o
 .debug_frame   0x00000204       0x40 E:/Program Files/Rowley Associates Limited/CrossWorks for ARM 2.2/lib/libc_v7em_t_le_eabi.a(__vfprintf_int.o)
 .debug_frame   0x00000244       0x88 E:/Program Files/Rowley Associates Limited/CrossWorks for ARM 2.2/lib/libc_v7em_t_le_eabi.a(__vfscanf_int.o)
 .debug_frame   0x000002cc     0x1288 E:/Program Files/Rowley Associates Limited/CrossWorks for ARM 2.2/lib/libc_v7em_t_le_eabi.a(libc2.o)
 .debug_frame   0x00001554      0x100 E:/Program Files/Rowley Associates Limited/CrossWorks for ARM 2.2/lib/libc_v7em_t_le_eabi.a(libc2_asm.o)
 .debug_frame   0x00001654      0x260 E:/Program Files/Rowley Associates Limited/CrossWorks for ARM 2.2/lib/libc_v7em_t_le_eabi.a(libc_asm.o)
 .debug_frame   0x000018b4      0x790 E:/Program Files/Rowley Associates Limited/CrossWorks for ARM 2.2/lib/libdebugio_v7em_t_le_eabi.a(libdebugio.o)
 .debug_frame   0x00002044       0xa0 E:/Program Files/Rowley Associates Limited/CrossWorks for ARM 2.2/lib/libc_user_libc_v7em_t_le_eabi.a(user_libc.o)
 .debug_frame   0x000020e4      0x600 E:/Program Files/Rowley Associates Limited/CrossWorks for ARM 2.2/lib/libm_v7em_t_le_eabi.a(libm_asm.o)

.debug_info     0x00000000     0x2d98
 .debug_info    0x00000000      0x9c7 THUMB Debug/main.o
 .debug_info    0x000009c7      0x616 THUMB Debug/system_stm32f4xx.o
 .debug_info    0x00000fdd      0x711 THUMB Debug/delay.o
 .debug_info    0x000016ee       0xa1 THUMB Debug/thumb_crt0.o
 .debug_info    0x0000178f       0xbc THUMB Debug/STM32_Startup.o
 .debug_info    0x0000184b       0x36 E:/Program Files/Rowley Associates Limited/CrossWorks for ARM 2.2/lib/libc_v7em_t_le_eabi.a(__vfprintf_int.o)
 .debug_info    0x00001881       0x65 E:/Program Files/Rowley Associates Limited/CrossWorks for ARM 2.2/lib/libc_v7em_t_le_eabi.a(__vfscanf_int.o)
 .debug_info    0x000018e6      0xc64 E:/Program Files/Rowley Associates Limited/CrossWorks for ARM 2.2/lib/libc_v7em_t_le_eabi.a(libc2.o)
 .debug_info    0x0000254a       0xc4 E:/Program Files/Rowley Associates Limited/CrossWorks for ARM 2.2/lib/libc_v7em_t_le_eabi.a(libc2_asm.o)
 .debug_info    0x0000260e       0xc7 E:/Program Files/Rowley Associates Limited/CrossWorks for ARM 2.2/lib/libc_v7em_t_le_eabi.a(libc_asm.o)
 .debug_info    0x000026d5      0x51f E:/Program Files/Rowley Associates Limited/CrossWorks for ARM 2.2/lib/libdebugio_v7em_t_le_eabi.a(libdebugio.o)
 .debug_info    0x00002bf4       0xcd E:/Program Files/Rowley Associates Limited/CrossWorks for ARM 2.2/lib/libc_user_libc_v7em_t_le_eabi.a(user_libc.o)
 .debug_info    0x00002cc1       0xd7 E:/Program Files/Rowley Associates Limited/CrossWorks for ARM 2.2/lib/libm_v7em_t_le_eabi.a(libm_asm.o)

.debug_abbrev   0x00000000      0x602
 .debug_abbrev  0x00000000      0x191 THUMB Debug/main.o
 .debug_abbrev  0x00000191      0x135 THUMB Debug/system_stm32f4xx.o
 .debug_abbrev  0x000002c6      0x179 THUMB Debug/delay.o
 .debug_abbrev  0x0000043f       0x14 THUMB Debug/thumb_crt0.o
 .debug_abbrev  0x00000453       0x14 THUMB Debug/STM32_Startup.o
 .debug_abbrev  0x00000467       0x25 E:/Program Files/Rowley Associates Limited/CrossWorks for ARM 2.2/lib/libc_v7em_t_le_eabi.a(__vfprintf_int.o)
 .debug_abbrev  0x0000048c       0x43 E:/Program Files/Rowley Associates Limited/CrossWorks for ARM 2.2/lib/libc_v7em_t_le_eabi.a(__vfscanf_int.o)
 .debug_abbrev  0x000004cf       0xa0 E:/Program Files/Rowley Associates Limited/CrossWorks for ARM 2.2/lib/libc_v7em_t_le_eabi.a(libc2.o)
 .debug_abbrev  0x0000056f       0x12 E:/Program Files/Rowley Associates Limited/CrossWorks for ARM 2.2/lib/libc_v7em_t_le_eabi.a(libc2_asm.o)
 .debug_abbrev  0x00000581       0x12 E:/Program Files/Rowley Associates Limited/CrossWorks for ARM 2.2/lib/libc_v7em_t_le_eabi.a(libc_asm.o)
 .debug_abbrev  0x00000593       0x38 E:/Program Files/Rowley Associates Limited/CrossWorks for ARM 2.2/lib/libdebugio_v7em_t_le_eabi.a(libdebugio.o)
 .debug_abbrev  0x000005cb       0x25 E:/Program Files/Rowley Associates Limited/CrossWorks for ARM 2.2/lib/libc_user_libc_v7em_t_le_eabi.a(user_libc.o)
 .debug_abbrev  0x000005f0       0x12 E:/Program Files/Rowley Associates Limited/CrossWorks for ARM 2.2/lib/libm_v7em_t_le_eabi.a(libm_asm.o)

.debug_loc      0x00000000     0x1b6c
 .debug_loc     0x00000000      0x100 THUMB Debug/main.o
 .debug_loc     0x00000100       0x9c THUMB Debug/system_stm32f4xx.o
 .debug_loc     0x0000019c       0xd4 THUMB Debug/delay.o
 .debug_loc     0x00000270       0x2d E:/Program Files/Rowley Associates Limited/CrossWorks for ARM 2.2/lib/libc_v7em_t_le_eabi.a(__vfprintf_int.o)
 .debug_loc     0x0000029d       0x6d E:/Program Files/Rowley Associates Limited/CrossWorks for ARM 2.2/lib/libc_v7em_t_le_eabi.a(__vfscanf_int.o)
 .debug_loc     0x0000030a     0x106e E:/Program Files/Rowley Associates Limited/CrossWorks for ARM 2.2/lib/libc_v7em_t_le_eabi.a(libc2.o)
 .debug_loc     0x00001378      0x7f4 E:/Program Files/Rowley Associates Limited/CrossWorks for ARM 2.2/lib/libdebugio_v7em_t_le_eabi.a(libdebugio.o)

.debug_aranges  0x00000000      0xb68
 .debug_aranges
                0x00000000       0x40 THUMB Debug/main.o
 .debug_aranges
                0x00000040       0x30 THUMB Debug/system_stm32f4xx.o
 .debug_aranges
                0x00000070       0x38 THUMB Debug/delay.o
 .debug_aranges
                0x000000a8       0x20 THUMB Debug/thumb_crt0.o
 .debug_aranges
                0x000000c8       0x20 THUMB Debug/STM32_Startup.o
 .debug_aranges
                0x000000e8       0x20 E:/Program Files/Rowley Associates Limited/CrossWorks for ARM 2.2/lib/libc_v7em_t_le_eabi.a(__vfprintf_int.o)
 .debug_aranges
                0x00000108       0x30 E:/Program Files/Rowley Associates Limited/CrossWorks for ARM 2.2/lib/libc_v7em_t_le_eabi.a(__vfscanf_int.o)
 .debug_aranges
                0x00000138      0x508 E:/Program Files/Rowley Associates Limited/CrossWorks for ARM 2.2/lib/libc_v7em_t_le_eabi.a(libc2.o)
 .debug_aranges
                0x00000640       0x60 E:/Program Files/Rowley Associates Limited/CrossWorks for ARM 2.2/lib/libc_v7em_t_le_eabi.a(libc2_asm.o)
 .debug_aranges
                0x000006a0       0xb8 E:/Program Files/Rowley Associates Limited/CrossWorks for ARM 2.2/lib/libc_v7em_t_le_eabi.a(libc_asm.o)
 .debug_aranges
                0x00000758      0x218 E:/Program Files/Rowley Associates Limited/CrossWorks for ARM 2.2/lib/libdebugio_v7em_t_le_eabi.a(libdebugio.o)
 .debug_aranges
                0x00000970       0x60 E:/Program Files/Rowley Associates Limited/CrossWorks for ARM 2.2/lib/libc_user_libc_v7em_t_le_eabi.a(user_libc.o)
 .debug_aranges
                0x000009d0      0x198 E:/Program Files/Rowley Associates Limited/CrossWorks for ARM 2.2/lib/libm_v7em_t_le_eabi.a(libm_asm.o)

.debug_ranges   0x00000000      0xa90
 .debug_ranges  0x00000000       0x30 THUMB Debug/main.o
 .debug_ranges  0x00000030       0x20 THUMB Debug/system_stm32f4xx.o
 .debug_ranges  0x00000050       0x28 THUMB Debug/delay.o
 .debug_ranges  0x00000078       0x10 E:/Program Files/Rowley Associates Limited/CrossWorks for ARM 2.2/lib/libc_v7em_t_le_eabi.a(__vfprintf_int.o)
 .debug_ranges  0x00000088       0x20 E:/Program Files/Rowley Associates Limited/CrossWorks for ARM 2.2/lib/libc_v7em_t_le_eabi.a(__vfscanf_int.o)
 .debug_ranges  0x000000a8      0x4f8 E:/Program Files/Rowley Associates Limited/CrossWorks for ARM 2.2/lib/libc_v7em_t_le_eabi.a(libc2.o)
 .debug_ranges  0x000005a0       0x58 E:/Program Files/Rowley Associates Limited/CrossWorks for ARM 2.2/lib/libc_v7em_t_le_eabi.a(libc2_asm.o)
 .debug_ranges  0x000005f8       0xb0 E:/Program Files/Rowley Associates Limited/CrossWorks for ARM 2.2/lib/libc_v7em_t_le_eabi.a(libc_asm.o)
 .debug_ranges  0x000006a8      0x208 E:/Program Files/Rowley Associates Limited/CrossWorks for ARM 2.2/lib/libdebugio_v7em_t_le_eabi.a(libdebugio.o)
 .debug_ranges  0x000008b0       0x50 E:/Program Files/Rowley Associates Limited/CrossWorks for ARM 2.2/lib/libc_user_libc_v7em_t_le_eabi.a(user_libc.o)
 .debug_ranges  0x00000900      0x190 E:/Program Files/Rowley Associates Limited/CrossWorks for ARM 2.2/lib/libm_v7em_t_le_eabi.a(libm_asm.o)

.debug_line     0x00000000     0x28b6
 .debug_line    0x00000000      0x1b1 THUMB Debug/main.o
 .debug_line    0x000001b1      0x1c9 THUMB Debug/system_stm32f4xx.o
 .debug_line    0x0000037a      0x192 THUMB Debug/delay.o
 .debug_line    0x0000050c       0xde THUMB Debug/thumb_crt0.o
 .debug_line    0x000005ea      0x113 THUMB Debug/STM32_Startup.o
 .debug_line    0x000006fd       0x75 E:/Program Files/Rowley Associates Limited/CrossWorks for ARM 2.2/lib/libc_v7em_t_le_eabi.a(__vfprintf_int.o)
 .debug_line    0x00000772       0x74 E:/Program Files/Rowley Associates Limited/CrossWorks for ARM 2.2/lib/libc_v7em_t_le_eabi.a(__vfscanf_int.o)
 .debug_line    0x000007e6      0x5b3 E:/Program Files/Rowley Associates Limited/CrossWorks for ARM 2.2/lib/libc_v7em_t_le_eabi.a(libc2.o)
 .debug_line    0x00000d99      0x220 E:/Program Files/Rowley Associates Limited/CrossWorks for ARM 2.2/lib/libc_v7em_t_le_eabi.a(libc2_asm.o)
 .debug_line    0x00000fb9      0x64f E:/Program Files/Rowley Associates Limited/CrossWorks for ARM 2.2/lib/libc_v7em_t_le_eabi.a(libc_asm.o)
 .debug_line    0x00001608      0x550 E:/Program Files/Rowley Associates Limited/CrossWorks for ARM 2.2/lib/libdebugio_v7em_t_le_eabi.a(libdebugio.o)
 .debug_line    0x00001b58       0x74 E:/Program Files/Rowley Associates Limited/CrossWorks for ARM 2.2/lib/libc_user_libc_v7em_t_le_eabi.a(user_libc.o)
 .debug_line    0x00001bcc      0xcea E:/Program Files/Rowley Associates Limited/CrossWorks for ARM 2.2/lib/libm_v7em_t_le_eabi.a(libm_asm.o)

.debug_str      0x00000000     0x1422
 .debug_str     0x00000000      0x808 THUMB Debug/main.o
                                0x853 (size before relaxing)
 .debug_str     0x00000808       0xe3 THUMB Debug/system_stm32f4xx.o
                                0x334 (size before relaxing)
 .debug_str     0x000008eb       0x57 THUMB Debug/delay.o
                                0x75a (size before relaxing)
 .debug_str     0x00000942       0x64 E:/Program Files/Rowley Associates Limited/CrossWorks for ARM 2.2/lib/libc_v7em_t_le_eabi.a(__vfprintf_int.o)
                                 0xad (size before relaxing)
 .debug_str     0x000009a6       0x7c E:/Program Files/Rowley Associates Limited/CrossWorks for ARM 2.2/lib/libc_v7em_t_le_eabi.a(__vfscanf_int.o)
                                 0xc5 (size before relaxing)
 .debug_str     0x00000a22      0x57b E:/Program Files/Rowley Associates Limited/CrossWorks for ARM 2.2/lib/libc_v7em_t_le_eabi.a(libc2.o)
                                0x651 (size before relaxing)
 .debug_str     0x00000f9d      0x3b3 E:/Program Files/Rowley Associates Limited/CrossWorks for ARM 2.2/lib/libdebugio_v7em_t_le_eabi.a(libdebugio.o)
                                0x3fc (size before relaxing)
 .debug_str     0x00001350       0xd2 E:/Program Files/Rowley Associates Limited/CrossWorks for ARM 2.2/lib/libc_user_libc_v7em_t_le_eabi.a(user_libc.o)
                                0x11b (size before relaxing)

.comment        0x00000000       0x4e
 .comment       0x00000000       0x4e THUMB Debug/main.o
                                 0x4f (size before relaxing)
 .comment       0x00000000       0x4f THUMB Debug/system_stm32f4xx.o
 .comment       0x00000000       0x4f THUMB Debug/delay.o
 .comment       0x00000000       0x4f E:/Program Files/Rowley Associates Limited/CrossWorks for ARM 2.2/lib/libc_v7em_t_le_eabi.a(__vfprintf_int.o)
 .comment       0x00000000       0x4f E:/Program Files/Rowley Associates Limited/CrossWorks for ARM 2.2/lib/libc_v7em_t_le_eabi.a(__vfscanf_int.o)
 .comment       0x00000000       0x4f E:/Program Files/Rowley Associates Limited/CrossWorks for ARM 2.2/lib/libc_v7em_t_le_eabi.a(libc2.o)
 .comment       0x00000000       0x4f E:/Program Files/Rowley Associates Limited/CrossWorks for ARM 2.2/lib/libdebugio_v7em_t_le_eabi.a(libdebugio.o)
 .comment       0x00000000       0x4f E:/Program Files/Rowley Associates Limited/CrossWorks for ARM 2.2/lib/libc_user_libc_v7em_t_le_eabi.a(user_libc.o)

.ARM.attributes
                0x00000000       0x37
 .ARM.attributes
                0x00000000       0x33 THUMB Debug/main.o
 .ARM.attributes
                0x00000033       0x33 THUMB Debug/system_stm32f4xx.o
 .ARM.attributes
                0x00000066       0x33 THUMB Debug/delay.o
 .ARM.attributes
                0x00000099       0x27 THUMB Debug/thumb_crt0.o
 .ARM.attributes
                0x000000c0       0x27 THUMB Debug/STM32_Startup.o
 .ARM.attributes
                0x000000e7       0x2e E:/Program Files/Rowley Associates Limited/CrossWorks for ARM 2.2/lib/libc_v7em_t_le_eabi.a(__vfprintf_int.o)
 .ARM.attributes
                0x00000115       0x2e E:/Program Files/Rowley Associates Limited/CrossWorks for ARM 2.2/lib/libc_v7em_t_le_eabi.a(__vfscanf_int.o)
 .ARM.attributes
                0x00000143       0x2e E:/Program Files/Rowley Associates Limited/CrossWorks for ARM 2.2/lib/libc_v7em_t_le_eabi.a(libc2.o)
 .ARM.attributes
                0x00000171       0x1e E:/Program Files/Rowley Associates Limited/CrossWorks for ARM 2.2/lib/libc_v7em_t_le_eabi.a(libc2_asm.o)
 .ARM.attributes
                0x0000018f       0x1e E:/Program Files/Rowley Associates Limited/CrossWorks for ARM 2.2/lib/libc_v7em_t_le_eabi.a(libc_asm.o)
 .ARM.attributes
                0x000001ad       0x2e E:/Program Files/Rowley Associates Limited/CrossWorks for ARM 2.2/lib/libdebugio_v7em_t_le_eabi.a(libdebugio.o)
 .ARM.attributes
                0x000001db       0x2e E:/Program Files/Rowley Associates Limited/CrossWorks for ARM 2.2/lib/libc_user_libc_v7em_t_le_eabi.a(user_libc.o)
 .ARM.attributes
                0x00000209       0x1e E:/Program Files/Rowley Associates Limited/CrossWorks for ARM 2.2/lib/libm_v7em_t_le_eabi.a(libm_asm.o)
